---
created: "2019-08-25T20:31:07.680481Z"
creator: insta@0.8.2
source: parser/src/parser/expressions/literal.rs
expression: "crate::utils::dump_debug(&parser_output)"
---
SOURCE_FILE@[0; 21)
  FN_DEF@[0; 21)
    FN_KW@[0; 2) "fn"
    NAME@[2; 6)
      IDENT@[2; 6) "main"
    PARAM_LIST@[6; 8)
      L_PAREN@[6; 7) "("
      R_PAREN@[7; 8) ")"
    BLOCK@[8; 21)
      L_CURLY@[8; 9) "{"
      EXPR_STMT@[9; 13)
        LITERAL@[9; 13)
          TRUE_KW@[9; 13) "true"
      SEMI@[13; 14) ";"
      EXPR_STMT@[14; 19)
        LITERAL@[14; 19)
          FALSE_KW@[14; 19) "false"
      SEMI@[19; 20) ";"
      R_CURLY@[20; 21) "}"

