---
created: "2019-08-25T20:31:07.680245Z"
creator: insta@0.8.2
source: parser/src/parser/expressions/continue_expr.rs
expression: "crate::utils::dump_debug(&parser_output)"
---
SOURCE_FILE@[0; 19)
  FN_DEF@[0; 19)
    FN_KW@[0; 2) "fn"
    NAME@[2; 6)
      IDENT@[2; 6) "main"
    PARAM_LIST@[6; 8)
      L_PAREN@[6; 7) "("
      R_PAREN@[7; 8) ")"
    BLOCK@[8; 19)
      L_CURLY@[8; 9) "{"
      CONTINUE_EXPR@[9; 17)
        CONTINUE_KW@[9; 17) "continue"
      SEMI@[17; 18) ";"
      R_CURLY@[18; 19) "}"

