---
created: "2020-02-06T15:57:27.559679Z"
creator: insta@0.8.2
source: parser/src/parser/expressions/closure_expr.rs
expression: "crate::utils::dump_debug(&parser_output)"
---
SOURCE_FILE@[0; 96)
  WHITESPACE@[0; 1) "\n"
  WHITESPACE@[1; 2) " "
  WHITESPACE@[2; 3) " "
  WHITESPACE@[3; 4) " "
  WHITESPACE@[4; 5) " "
  WHITESPACE@[5; 6) " "
  WHITESPACE@[6; 7) " "
  WHITESPACE@[7; 8) " "
  WHITESPACE@[8; 9) " "
  FN_DEF@[9; 96)
    FN_KW@[9; 11) "fn"
    NAME@[11; 16)
      WHITESPACE@[11; 12) " "
      IDENT@[12; 16) "main"
    PARAM_LIST@[16; 18)
      L_PAREN@[16; 17) "("
      R_PAREN@[17; 18) ")"
    WHITESPACE@[18; 19) " "
    BLOCK_EXPR@[19; 96)
      BLOCK@[19; 96)
        L_CURLY@[19; 20) "{"
        WHITESPACE@[20; 21) "\n"
        WHITESPACE@[21; 22) " "
        WHITESPACE@[22; 23) " "
        WHITESPACE@[23; 24) " "
        WHITESPACE@[24; 25) " "
        WHITESPACE@[25; 26) " "
        WHITESPACE@[26; 27) " "
        WHITESPACE@[27; 28) " "
        WHITESPACE@[28; 29) " "
        WHITESPACE@[29; 30) " "
        WHITESPACE@[30; 31) " "
        WHITESPACE@[31; 32) " "
        WHITESPACE@[32; 33) " "
        LET_STMT@[33; 95)
          LET_KW@[33; 36) "let"
          WHITESPACE@[36; 37) " "
          BIND_PAT@[37; 39)
            NAME@[37; 38)
              IDENT@[37; 38) "a"
            WHITESPACE@[38; 39) " "
          EQ@[39; 40) "="
          WHITESPACE@[40; 41) " "
          CLOSURE_EXPR@[41; 95)
            PIPE@[41; 42) "|"
            PARAM@[42; 43)
              BIND_PAT@[42; 43)
                NAME@[42; 43)
                  IDENT@[42; 43) "x"
            COMMA@[43; 44) ","
            PARAM@[44; 45)
              BIND_PAT@[44; 45)
                NAME@[44; 45)
                  IDENT@[44; 45) "y"
            PIPE@[45; 46) "|"
            WHITESPACE@[46; 47) " "
            BLOCK_EXPR@[47; 95)
              BLOCK@[47; 90)
                L_CURLY@[47; 48) "{"
                WHITESPACE@[48; 49) "\n"
                WHITESPACE@[49; 50) " "
                WHITESPACE@[50; 51) " "
                WHITESPACE@[51; 52) " "
                WHITESPACE@[52; 53) " "
                WHITESPACE@[53; 54) " "
                WHITESPACE@[54; 55) " "
                WHITESPACE@[55; 56) " "
                WHITESPACE@[56; 57) " "
                WHITESPACE@[57; 58) " "
                WHITESPACE@[58; 59) " "
                WHITESPACE@[59; 60) " "
                WHITESPACE@[60; 61) " "
                WHITESPACE@[61; 62) " "
                WHITESPACE@[62; 63) " "
                WHITESPACE@[63; 64) " "
                WHITESPACE@[64; 65) " "
                EXPR_STMT@[65; 75)
                  RETURN_EXPR@[65; 75)
                    RETURN_KW@[65; 71) "return"
                    BIN_EXPR@[71; 75)
                      WHITESPACE@[71; 72) " "
                      IDENT_EXPR@[72; 73)
                        NAME@[72; 73)
                          IDENT@[72; 73) "x"
                      PLUS@[73; 74) "+"
                      IDENT_EXPR@[74; 75)
                        NAME@[74; 75)
                          IDENT@[74; 75) "y"
                SEMI@[75; 76) ";"
                WHITESPACE@[76; 77) "\n"
                WHITESPACE@[77; 78) " "
                WHITESPACE@[78; 79) " "
                WHITESPACE@[79; 80) " "
                WHITESPACE@[80; 81) " "
                WHITESPACE@[81; 82) " "
                WHITESPACE@[82; 83) " "
                WHITESPACE@[83; 84) " "
                WHITESPACE@[84; 85) " "
                WHITESPACE@[85; 86) " "
                WHITESPACE@[86; 87) " "
                WHITESPACE@[87; 88) " "
                WHITESPACE@[88; 89) " "
                R_CURLY@[89; 90) "}"
              WHITESPACE@[90; 91) "\n"
              WHITESPACE@[91; 92) " "
              WHITESPACE@[92; 93) " "
              WHITESPACE@[93; 94) " "
              WHITESPACE@[94; 95) " "
        R_CURLY@[95; 96) "}"

