---
created: "2020-02-04T13:28:14.465768Z"
creator: insta@0.8.2
source: parser/src/parser/expressions/binary.rs
expression: "crate::utils::dump_debug(&parser_output)"
---
SOURCE_FILE@[0; 37)
  FN_DEF@[0; 37)
    FN_KW@[0; 2) "fn"
    NAME@[2; 7)
      WHITESPACE@[2; 3) " "
      IDENT@[3; 7) "main"
    PARAM_LIST@[7; 9)
      L_PAREN@[7; 8) "("
      R_PAREN@[8; 9) ")"
    WHITESPACE@[9; 10) " "
    BLOCK@[10; 37)
      L_CURLY@[10; 11) "{"
      EXPR_STMT@[11; 15)
        BIN_EXPR@[11; 15)
          IDENT_EXPR@[11; 12)
            NAME@[11; 12)
              IDENT@[11; 12) "x"
          EQ@[12; 13) "="
          LITERAL@[13; 15)
            INT_NUMBER@[13; 15) "10"
      SEMI@[15; 16) ";"
      EXPR_STMT@[16; 20)
        BIN_EXPR@[16; 20)
          IDENT_EXPR@[16; 17)
            NAME@[16; 17)
              IDENT@[16; 17) "x"
          PLUSEQ@[17; 18) "+"
          LITERAL@[18; 20)
            INT_NUMBER@[18; 20) "10"
      SEMI@[20; 21) ";"
      EXPR_STMT@[21; 25)
        BIN_EXPR@[21; 25)
          IDENT_EXPR@[21; 22)
            NAME@[21; 22)
              IDENT@[21; 22) "x"
          MINUSEQ@[22; 23) "-"
          LITERAL@[23; 25)
            INT_NUMBER@[23; 25) "10"
      SEMI@[25; 26) ";"
      EXPR_STMT@[26; 30)
        BIN_EXPR@[26; 30)
          IDENT_EXPR@[26; 27)
            NAME@[26; 27)
              IDENT@[26; 27) "x"
          SLASHEQ@[27; 28) "/"
          LITERAL@[28; 30)
            INT_NUMBER@[28; 30) "10"
      SEMI@[30; 31) ";"
      EXPR_STMT@[31; 35)
        BIN_EXPR@[31; 35)
          IDENT_EXPR@[31; 32)
            NAME@[31; 32)
              IDENT@[31; 32) "x"
          STAREQ@[32; 33) "*"
          LITERAL@[33; 35)
            INT_NUMBER@[33; 35) "10"
      SEMI@[35; 36) ";"
      R_CURLY@[36; 37) "}"

