---
created: "2019-08-25T20:39:32.378462Z"
creator: insta@0.8.2
source: parser/src/parser/expressions/let_expr.rs
expression: "crate::utils::dump_debug(&parser_output)"
---
SOURCE_FILE@[0; 27)
  FN_DEF@[0; 27)
    FN_KW@[0; 2) "fn"
    NAME@[2; 6)
      IDENT@[2; 6) "main"
    PARAM_LIST@[6; 8)
      L_PAREN@[6; 7) "("
      R_PAREN@[7; 8) ")"
    BLOCK@[8; 27)
      L_CURLY@[8; 9) "{"
      LET_STMT@[9; 17)
        LET_KW@[9; 12) "let"
        TUPLE_PAT@[12; 17)
          L_PAREN@[12; 13) "("
          BIND_PAT@[13; 14)
            NAME@[13; 14)
              IDENT@[13; 14) "a"
          COMMA@[14; 15) ","
          BIND_PAT@[15; 16)
            NAME@[15; 16)
              IDENT@[15; 16) "b"
          R_PAREN@[16; 17) ")"
      SEMI@[17; 18) ";"
      LET_STMT@[18; 25)
        LET_KW@[18; 21) "let"
        PLACEHOLDER_PAT@[21; 22)
          UNDERSCORE@[21; 22) "_"
        EQ@[22; 23) "="
        LITERAL@[23; 25)
          INT_NUMBER@[23; 25) "10"
      SEMI@[25; 26) ";"
      R_CURLY@[26; 27) "}"

