---
created: "2020-03-03T19:30:54.666066Z"
creator: insta@0.8.2
source: parser/src/parser/types.rs
expression: "crate::utils::dump_debug(&parser_output)"
---
SOURCE_FILE@[0; 31)
  FN_DEF@[0; 31)
    FN_KW@[0; 2) "fn"
    WHITESPACE@[2; 3) " "
    NAME@[3; 7)
      IDENT@[3; 7) "main"
    PARAM_LIST@[7; 29)
      L_PAREN@[7; 8) "("
      PARAM@[8; 27)
        PLACEHOLDER_PAT@[8; 9)
          UNDERSCORE@[8; 9) "_"
        COLON@[9; 10) ":"
        FN_TYPE@[10; 27)
          FN_KW@[10; 12) "fn"
          L_PAREN@[12; 13) "("
          IDENT_TYPE@[13; 16)
            IDENT@[13; 16) "i32"
          COMMA@[16; 17) ","
          IDENT_TYPE@[17; 20)
            IDENT@[17; 20) "i32"
          R_PAREN@[20; 21) ")"
          WHITESPACE@[21; 22) " "
          RET_TYPE@[22; 27)
            FRETURN@[22; 23) "-"
            WHITESPACE@[23; 24) " "
            IDENT_TYPE@[24; 27)
              IDENT@[24; 27) "i32"
      R_PAREN@[27; 28) ")"
      WHITESPACE@[28; 29) " "
    BLOCK_EXPR@[29; 31)
      BLOCK@[29; 31)
        L_CURLY@[29; 30) "{"
        R_CURLY@[30; 31) "}"

