---
created: "2019-08-14T07:39:50.558562Z"
creator: insta@0.8.2
source: parser/src/parser/types.rs
expression: "crate::utils::dump_debug(&parser_output)"
---
SOURCE_FILE@[0; 17)
  FN_DEF@[0; 17)
    FN_KW@[0; 2) "fn"
    NAME@[2; 6)
      IDENT@[2; 6) "main"
    PARAM_LIST@[6; 15)
      L_PAREN@[6; 7) "("
      PARAM@[7; 14)
        PLACEHOLDER_PAT@[7; 8)
          NAME@[7; 8)
            IDENT@[7; 8) "x"
        COLON@[8; 9) ":"
        ARRAY_TYPE@[9; 14)
          L_BRACK@[9; 10) "["
          IDENT_TYPE@[10; 13)
            IDENT@[10; 13) "i32"
          R_BRACK@[13; 14) "]"
      R_PAREN@[14; 15) ")"
    BLOCK@[15; 17)
      L_CURLY@[15; 16) "{"
      R_CURLY@[16; 17) "}"

