---
created: "2019-08-14T10:24:04.533313Z"
creator: insta@0.8.2
source: parser/src/parser/types.rs
expression: "crate::utils::dump_debug(&parser_output)"
---
SOURCE_FILE@[0; 21)
  FN_DEF@[0; 21)
    FN_KW@[0; 2) "fn"
    NAME@[2; 6)
      IDENT@[2; 6) "main"
    PARAM_LIST@[6; 19)
      L_PAREN@[6; 7) "("
      PARAM@[7; 18)
        BIND_PAT@[7; 8)
          NAME@[7; 8)
            IDENT@[7; 8) "x"
        COLON@[8; 9) ":"
        PAREN_TYPE@[9; 18)
          L_PAREN@[9; 10) "("
          IDENT_TYPE@[10; 13)
            IDENT@[10; 13) "i32"
          COMMA@[13; 14) ","
          IDENT_TYPE@[14; 17)
            IDENT@[14; 17) "i32"
          R_PAREN@[17; 18) ")"
      R_PAREN@[18; 19) ")"
    BLOCK@[19; 21)
      L_CURLY@[19; 20) "{"
      R_CURLY@[20; 21) "}"

