---
created: "2020-02-03T20:26:04.539240Z"
creator: insta@0.8.2
source: parser/src/parser/visibility.rs
expression: "crate::utils::dump_debug(&parser_output)"
---
SOURCE_FILE@[0; 18)
  ENUM_DEF@[0; 17)
    VISIBILITY@[0; 6)
      EXPORT_KW@[0; 6) "export"
    WHITESPACE@[6; 7) " "
    ENUM_KW@[7; 11) "enum"
    NAME@[11; 15)
      WHITESPACE@[11; 12) " "
      IDENT@[12; 15) "Bar"
    ENUM_VARIANT_LIST@[15; 17)
      L_CURLY@[15; 16) "{"
      R_CURLY@[16; 17) "}"
  SEMI@[17; 18) ";"

