---
created: "2019-08-11T21:50:37.801603Z"
creator: insta@0.8.2
source: parser/src/parser/types.rs
expression: "crate::utils::dump_debug(&parser_output)"
---
SOURCE_FILE@[0; 23)
  FN_DEF@[0; 21)
    FN_KW@[0; 2) "fn"
    NAME@[2; 6)
      IDENT@[2; 6) "main"
    PARAM_LIST@[6; 21)
      L_PAREN@[6; 7) "("
      PARAM@[7; 20)
        PLACEHOLDER_PAT@[7; 8)
          NAME@[7; 8)
            IDENT@[7; 8) "x"
        COLON@[8; 9) ":"
        ARRAY_TYPE@[9; 20)
          L_BRACK@[9; 10) "["
          PAREN_TYPE@[10; 19)
            L_PAREN@[10; 11) "("
            IDENT_TYPE@[11; 14)
              IDENT@[11; 14) "i32"
            COMMA@[14; 15) ","
            IDENT_TYPE@[15; 18)
              IDENT@[15; 18) "i32"
            R_PAREN@[18; 19) ")"
          R_BRACK@[19; 20) "]"
      R_PAREN@[20; 21) ")"
  L_CURLY@[21; 22) "{"
  R_CURLY@[22; 23) "}"

