---
created: "2019-08-14T07:47:46.350748Z"
creator: insta@0.8.2
source: parser/src/parser/classes.rs
expression: "crate::utils::dump_debug(&parser_output)"
---
SOURCE_FILE@[0; 55)
  CLASS_DEF@[0; 55)
    CLASS_KW@[0; 5) "class"
    NAME@[5; 11)
      IDENT@[5; 11) "Person"
    L_CURLY@[11; 12) "{"
    NAMED_FIELD_DEF@[12; 24)
      NAME@[12; 16)
        IDENT@[12; 16) "name"
      COLON@[16; 17) ":"
      IDENT_TYPE@[17; 23)
        IDENT@[17; 23) "String"
      SEMI@[23; 24) ";"
    NAMED_FIELD_DEF@[24; 39)
      NAME@[24; 31)
        IDENT@[24; 31) "surname"
      COLON@[31; 32) ":"
      IDENT_TYPE@[32; 38)
        IDENT@[32; 38) "String"
      SEMI@[38; 39) ";"
    FN_DEF@[39; 55)
      FN_KW@[39; 41) "fn"
      NAME@[41; 46)
        IDENT@[41; 46) "hello"
      PARAM_LIST@[46; 55)
        L_PAREN@[46; 47) "("
        PARAM@[47; 53)
          PLACEHOLDER_PAT@[47; 51)
            NAME@[47; 51)
              IDENT@[47; 51) "self"
          R_PAREN@[51; 52) ")"
          L_CURLY@[52; 53) "{"
        R_CURLY@[53; 54) "}"
        R_CURLY@[54; 55) "}"
      BLOCK@[55; 55)

